[
  {
    "type": "ArrayAccess",
    "base": {
      "type": "Variable",
      "name": "$aref"
    },
    "index": {
      "type": "Number",
      "value": "0"
    }
  }
]