[
  {
    "type": "HashAccess",
    "base": {
      "type": "Variable",
      "name": "$href"
    },
    "key": {
      "type": "String",
      "value": "\"key\""
    }
  }
]