[
  {
    "type": "Package",
    "name": "MyApp::Utils"
  }
]