[
  {
    "type": "Class",
    "name": "Animal",
    "body": [
      {
        "type": "Field",
        "variable": {
          "type": "Variable",
          "name": "$name"
        }
      },
      {
        "type": "Return",
        "value": {
          "type": "String",
          "value": "\"Some sound\""
        }
      }
    ]
  }
]