[
  {
    "type": "Call",
    "name": "print",
    "arguments": [
      {
        "type": "Variable",
        "name": "$_"
      }
    ]
  }
]