[
  {
    "type": "PostfixOp",
    "operator": "++",
    "operand": {
      "type": "Variable",
      "name": "$count"
    }
  },
  {
    "type": "PostfixOp",
    "operator": "++",
    "operand": {
      "type": "Variable",
      "name": "$index"
    }
  },
  {
    "type": "PostfixOp",
    "operator": "--",
    "operand": {
      "type": "Variable",
      "name": "$count"
    }
  },
  {
    "type": "PostfixOp",
    "operator": "--",
    "operand": {
      "type": "Variable",
      "name": "$index"
    }
  },
  {
    "type": "PrefixOp",
    "operator": "++",
    "operand": {
      "type": "Variable",
      "name": "$count"
    }
  },
  {
    "type": "PrefixOp",
    "operator": "++",
    "operand": {
      "type": "Variable",
      "name": "$index"
    }
  },
  {
    "type": "PrefixOp",
    "operator": "--",
    "operand": {
      "type": "Variable",
      "name": "$count"
    }
  },
  {
    "type": "PrefixOp",
    "operator": "--",
    "operand": {
      "type": "Variable",
      "name": "$index"
    }
  },
  {
    "type": "While",
    "condition": {
      "type": "BinaryOp",
      "operator": "<",
      "left": {
        "type": "Variable",
        "name": "$i"
      },
      "right": {
        "type": "Number",
        "value": "10"
      }
    },
    "block": [
      {
        "type": "Print",
        "arguments": [
          {
            "type": "PostfixOp",
            "operator": "++",
            "operand": {
              "type": "Variable",
              "name": "$i"
            }
          }
        ]
      }
    ]
  },
  {
    "type": "Error",
    "message": "foreach requires a scalar iterator variable",
    "value": "(",
    "line": 24,
    "column": 5
  },
  {
    "type": "BinaryOp",
    "operator": "<",
    "left": {
      "type": "Variable",
      "name": "$i"
    },
    "right": {
      "type": "Number",
      "value": "10"
    }
  },
  {
    "type": "PostfixOp",
    "operator": "++",
    "operand": {
      "type": "Variable",
      "name": "$i"
    }
  },
  {
    "type": "While",
    "condition": {
      "type": "BinaryOp",
      "operator": "<",
      "left": {
        "type": "PostfixOp",
        "operator": "++",
        "operand": {
          "type": "Variable",
          "name": "$count"
        }
      },
      "right": {
        "type": "Number",
        "value": "10"
      }
    },
    "block": [
      {
        "type": "Print",
        "arguments": [
          {
            "type": "Variable",
            "name": "$line"
          }
        ]
      }
    ]
  }
]