[
  {
    "type": "Number",
    "value": "42"
  }
]