[
  {
    "type": "If",
    "condition": {
      "type": "BinaryOp",
      "operator": ">",
      "left": {
        "type": "Variable",
        "name": "$x"
      },
      "right": {
        "type": "Number",
        "value": "10"
      }
    },
    "thenBlock": [
      {
        "type": "Call",
        "name": "print",
        "arguments": [
          {
            "type": "String",
            "value": "\"big\""
          }
        ]
      }
    ],
    "elseIfClauses": [
      {
        "condition": {
          "type": "BinaryOp",
          "operator": ">",
          "left": {
            "type": "Variable",
            "name": "$x"
          },
          "right": {
            "type": "Number",
            "value": "5"
          }
        },
        "block": [
          {
            "type": "Call",
            "name": "print",
            "arguments": [
              {
                "type": "String",
                "value": "\"medium\""
              }
            ]
          }
        ]
      }
    ],
    "elseBlock": [
      {
        "type": "Call",
        "name": "print",
        "arguments": [
          {
            "type": "String",
            "value": "\"small\""
          }
        ]
      }
    ]
  }
]