[
  {
    "type": "Unless",
    "condition": {
      "type": "Variable",
      "name": "$error"
    },
    "thenBlock": [
      {
        "type": "Call",
        "name": "process",
        "arguments": []
      }
    ]
  }
]